../Core/Src/main.c:78:5:main	16	static
../Core/Src/main.c:126:6:SystemClock_Config	88	static
../Core/Src/main.c:173:13:MX_USART2_UART_Init	8	static
../Core/Src/main.c:204:13:MX_DMA_Init	16	static
../Core/Src/main.c:225:13:MX_GPIO_Init	48	static
../Core/Src/main.c:254:6:UARTInterruptConfig	8	static
../Core/Src/main.c:259:6:oper	4	static
../Core/Src/main.c:278:6:col	4	static
../Core/Src/main.c:296:6:HAL_UART_RxCpltCallback	16	static
../Core/Src/main.c:370:6:Error_Handler	4	static,ignoring_inline_asm
